// Jest Snapshot v1, https://goo.gl/fbAQLP

exports[`Test in CounterApp should do to match with snapshot 1`] = `
<div>
  <h1>
    Counter App
  </h1>
  <h2 />
  <button>
    +1
  </button>
  <button>
    -1
  </button>
  <button>
    Reset
  </button>
</div>
`;
